// Jest Snapshot v1, https://goo.gl/fbAQLP

exports[`UserPage Component component structure matches snapshot 1`] = `
<div>
  <h2>
    User Page
  </h2>
  <p>
    Rodymas informacijos apie vartotojÄ… su ID: 
    123
  </p>
</div>
`;
